Compiled Modules/ServiceManagement/Resources/views/admin\create.blade.php
Compiled Modules/ServiceManagement/Resources/views/admin\detail.blade.php
Compiled Modules/ServiceManagement/Resources/views/admin\edit.blade.php
Compiled Modules/ServiceManagement/Resources/views/admin\list.blade.php
Compiled Modules/ServiceManagement/Resources/views/admin\operations-workforce.blade.php
Compiled Modules/ServiceManagement/Resources/views/admin\operations.blade.php
Compiled Modules/ServiceManagement/Resources/views/admin\partials\ai-sidebar.blade.php
Compiled Modules/ServiceManagement/Resources/views/admin\partials\_category-wise-zone.blade.php
Compiled Modules/ServiceManagement/Resources/views/admin\partials\_faq-list.blade.php
Compiled Modules/ServiceManagement/Resources/views/admin\partials\_update-variant-data.blade.php
Compiled Modules/ServiceManagement/Resources/views/admin\partials\_variant-data.blade.php
Compiled Modules/ServiceManagement/Resources/views/admin\service\request-list.blade.php
Compiled Modules/BookingModule/Resources/views/cash\operations.blade.php
Compiled Modules/BookingModule/Resources/views/cash\setup.blade.php
Compiled resources/views\about-us.blade.php
Compiled resources/views\cancellation-policy.blade.php
Compiled resources/views\contact-us.blade.php
Compiled resources/views\dynamic-page.blade.php
Compiled resources/views\email-templates\maintenance-mode-start.blade.php
Compiled resources/views\email-templates\password-reset.blade.php
Compiled resources/views\errors\401.blade.php
Compiled resources/views\errors\402.blade.php
Compiled resources/views\errors\403.blade.php
Compiled resources/views\errors\404.blade.php
Compiled resources/views\errors\413.blade.php
Compiled resources/views\errors\419.blade.php
Compiled resources/views\errors\429.blade.php
Compiled resources/views\errors\500.blade.php
Compiled resources/views\errors\503.blade.php
Compiled resources/views\errors\layout.blade.php
Compiled resources/views\errors\minimal.blade.php
Compiled resources/views\installation\activation-check.blade.php
Compiled resources/views\installation\step0.blade.php
Compiled resources/views\installation\step1.blade.php
Compiled resources/views\installation\step2.blade.php
Compiled resources/views\installation\step3.blade.php
Compiled resources/views\installation\step4.blade.php
Compiled resources/views\installation\step5.blade.php
Compiled resources/views\installation\step6.blade.php
Compiled resources/views\layouts\blank.blade.php
Compiled resources/views\layouts\landing\app.blade.php
Compiled resources/views\maintenance-mode.blade.php
Compiled resources/views\partials\_form-field.blade.php
Compiled resources/views\privacy-policy.blade.php
Compiled resources/views\refund-policy.blade.php
Compiled resources/views\terms-and-conditions.blade.php
Compiled resources/views\update\update-software.blade.php
Compiled resources/views\vendor\pagination\bootstrap-4.blade.php
Compiled resources/views\vendor\pagination\default.blade.php
Compiled resources/views\vendor\pagination\semantic-ui.blade.php
Compiled resources/views\vendor\pagination\simple-bootstrap-4.blade.php
Compiled resources/views\vendor\pagination\simple-default.blade.php
Compiled resources/views\vendor\pagination\simple-tailwind.blade.php
Compiled resources/views\vendor\pagination\tailwind.blade.php
Compiled resources/views\vendor\passport\authorize.blade.php
Compiled resources/views\welcome.blade.php
Total: 56. Application not booted; templates not rendered.
